[1m[92m    Checking[0m cfg-if v1.0.4
[1m[92m    Checking[0m libc v0.2.189
[1m[92m    Checking[0m typenum v1.20.1
[1m[92m    Checking[0m serde_core v1.0.229
[1m[92m    Checking[0m subtle v2.6.1
[1m[92m   Compiling[0m zerofrom v0.1.8
[1m[92m   Compiling[0m stable_deref_trait v1.2.1
[1m[92m   Compiling[0m yoke v0.8.3
[1m[92m    Checking[0m pin-project-lite v0.2.17
[1m[92m    Checking[0m bytes v1.12.1
[1m[92m    Checking[0m generic-array v0.14.7
[1m[92m   Compiling[0m zerovec v0.11.7
[1m[92m    Checking[0m crypto-common v0.1.7
[1m[92m    Checking[0m block-buffer v0.10.4
[1m[92m    Checking[0m digest v0.10.7
[1m[92m    Checking[0m itoa v1.0.18
[1m[92m   Compiling[0m serde v1.0.229
[1m[92m    Checking[0m scopeguard v1.2.0
[1m[92m    Checking[0m futures-core v0.3.34
[1m[92m    Checking[0m lock_api v0.4.14
[1m[92m   Compiling[0m smallvec v1.15.2
[1m[92m   Compiling[0m tinystr v0.8.4
[1m[92m    Checking[0m errno v0.3.14
[1m[92m    Checking[0m cpufeatures v0.2.17
[1m[92m   Compiling[0m writeable v0.6.4
[1m[92m   Compiling[0m litemap v0.8.3
[1m[92m   Compiling[0m icu_locale_core v2.3.0
[1m[92m    Checking[0m signal-hook-registry v1.4.8
[1m[92m   Compiling[0m potential_utf v0.1.6
[1m[92m    Checking[0m parking_lot_core v0.9.12
[1m[92m    Checking[0m mio v1.2.2
[1m[92m    Checking[0m parking_lot v0.12.5
[1m[92m    Checking[0m socket2 v0.6.5
[1m[92m   Compiling[0m getrandom v0.2.17
[1m[92m   Compiling[0m zerotrie v0.2.5
[1m[92m   Compiling[0m utf8_iter v1.0.4
[1m[92m   Compiling[0m icu_collections v2.3.0
[1m[92m    Checking[0m tokio v1.53.1
[1m[92m   Compiling[0m icu_provider v2.3.0
[1m[92m    Checking[0m zerocopy v0.8.56
[1m[92m    Checking[0m futures-sink v0.3.34
[1m[92m   Compiling[0m zeroize v1.9.0
[1m[92m   Compiling[0m rustls-pki-types v1.15.1
[1m[92m    Checking[0m http v1.5.0
[1m[92m   Compiling[0m icu_properties_data v2.3.0
[1m[92m   Compiling[0m icu_normalizer_data v2.3.0
[1m[92m   Compiling[0m icu_normalizer v2.3.0
[1m[92m   Compiling[0m icu_properties v2.3.0
[1m[92m    Checking[0m memchr v2.8.3
[1m[92m    Checking[0m log v0.4.33
[1m[92m   Compiling[0m once_cell v1.21.4
[1m[92m   Compiling[0m equivalent v1.0.2
[1m[92m   Compiling[0m untrusted v0.9.0
[1m[92m   Compiling[0m ring v0.17.14
[1m[92m   Compiling[0m idna_adapter v1.2.2
[1m[92m    Checking[0m sha2 v0.10.9
[1m[92m    Checking[0m num-traits v0.2.19
[1m[92m    Checking[0m ppv-lite86 v0.2.21
[1m[92m    Checking[0m slab v0.4.12
[1m[92m    Checking[0m futures-task v0.3.34
[1m[92m   Compiling[0m tinyvec_macros v0.1.1
[1m[92m   Compiling[0m foldhash v0.1.5
[1m[92m    Checking[0m futures-io v0.3.34
[1m[92m   Compiling[0m percent-encoding v2.3.2
[1m[92m   Compiling[0m allocator-api2 v0.2.21
[1m[92m   Compiling[0m hashbrown v0.15.5
[1m[92m   Compiling[0m form_urlencoded v1.2.2
[1m[92m    Checking[0m futures-util v0.3.34
[1m[92m   Compiling[0m tinyvec v1.12.0
[1m[92m   Compiling[0m rustls-webpki v0.103.14
[1m[92m   Compiling[0m idna v1.1.0
[1m[92m    Checking[0m getrandom v0.3.4
[1m[92m   Compiling[0m tracing-core v0.1.36
[1m[92m   Compiling[0m webpki-roots v1.0.9
[1m[92m   Compiling[0m rand_core v0.6.4
[1m[92m   Compiling[0m crossbeam-utils v0.8.22
[1m[92m    Checking[0m thiserror v2.0.20
[1m[92m   Compiling[0m zmij v1.0.23
[1m[92m   Compiling[0m parking v2.2.1
[1m[92m   Compiling[0m crc-catalog v2.5.0
[1m[92m   Compiling[0m hashbrown v0.17.1
[1m[92m   Compiling[0m serde_json v1.0.151
[1m[92m   Compiling[0m indexmap v2.14.0
[1m[92m   Compiling[0m tokio-stream v0.1.19
[1m[92m   Compiling[0m crc v3.4.0
[1m[92m   Compiling[0m crossbeam-queue v0.3.13
[1m[92m   Compiling[0m event-listener v5.4.2
[1m[92m   Compiling[0m tracing v0.1.44
[1m[92m   Compiling[0m rand_chacha v0.3.1
[1m[92m   Compiling[0m webpki-roots v0.26.11
[1m[92m   Compiling[0m url v2.5.8
[1m[92m    Checking[0m rand_core v0.9.5
[1m[92m   Compiling[0m futures-intrusive v0.5.0
[1m[92m   Compiling[0m rustls v0.23.43
[1m[92m   Compiling[0m unicode-normalization v0.1.25
[1m[92m   Compiling[0m hashlink v0.10.0
[1m[92m    Checking[0m httparse v1.10.1
[1m[92m    Checking[0m http-body v1.1.0
[1m[92m   Compiling[0m hmac v0.12.1
[1m[92m    Checking[0m futures-channel v0.3.34
[1m[92m   Compiling[0m either v1.17.0
[1m[92m    Checking[0m bitflags v2.13.1
[1m[92m    Checking[0m tower-service v0.3.3
[1m[92m   Compiling[0m unicode-bidi v0.3.18
[1m[92m   Compiling[0m unicode-properties v0.1.4
[1m[92m   Compiling[0m stringprep v0.1.5
[1m[92m   Compiling[0m atoi v2.0.0
[1m[92m   Compiling[0m hkdf v0.12.4
[1m[92m    Checking[0m rand_chacha v0.9.0
[1m[92m   Compiling[0m rand v0.8.7
[1m[92m    Checking[0m getrandom v0.4.3
[1m[92m   Compiling[0m md-5 v0.10.6
[1m[92m   Compiling[0m whoami v1.6.1
[1m[92m   Compiling[0m byteorder v1.5.0
[1m[92m   Compiling[0m home v0.5.12
[1m[92m   Compiling[0m dotenvy v0.15.7
[1m[92m    Checking[0m tower-layer v0.3.3
[1m[92m    Checking[0m base64 v0.22.1
[1m[92m   Compiling[0m sqlx-core v0.8.6
[1m[92m   Compiling[0m hex v0.4.3
[1m[92m    Checking[0m uuid v1.24.1
[1m[92m    Checking[0m rand v0.9.5
[1m[92m    Checking[0m rmp v0.8.15
[1m[92m   Compiling[0m sqlx-postgres v0.8.6
[1m[92m    Checking[0m sha1 v0.10.7
[1m[92m    Checking[0m utf-8 v0.7.6
[1m[92m    Checking[0m httpdate v1.0.3
[1m[92m    Checking[0m sync_wrapper v1.0.2
[1m[92m    Checking[0m data-encoding v2.11.1
[1m[92m    Checking[0m atomic-waker v1.1.2
[1m[92m    Checking[0m hyper v1.11.0
[1m[92m    Checking[0m tungstenite v0.28.0
[1m[92m    Checking[0m memoffset v0.9.1
[1m[92m    Checking[0m http-body-util v0.1.5
[1m[92m    Checking[0m deal-core v0.1.0 (/home/runner/work/noir-poker/noir-poker/crates/deal-core)
[1m[92m    Checking[0m blake2 v0.10.6
[1m[92m    Checking[0m mime v0.3.17
[1m[92m    Checking[0m thiserror v1.0.69
[1m[92m    Checking[0m axum-core v0.5.6
[1m[92m    Checking[0m nix v0.27.1
[1m[92m    Checking[0m hyper-util v0.1.20
[1m[92m    Checking[0m tokio-tungstenite v0.28.0
[1m[92m    Checking[0m tower v0.5.3
[1m[92m    Checking[0m rmp-serde v1.3.1
[1m[92m   Compiling[0m sqlx-macros-core v0.8.6
[1m[92m    Checking[0m rmpv v1.3.1
[1m[92m    Checking[0m serde_path_to_error v0.1.20
[1m[92m    Checking[0m matchit v0.8.4
[1m[92m    Checking[0m axum v0.8.8
[1m[92m    Checking[0m barretenberg-rs v5.2.0
[1m[92m    Checking[0m challenge-core v0.1.0 (/home/runner/work/noir-poker/noir-poker/crates/challenge-core)
[1m[92m    Checking[0m game-core v0.1.0 (/home/runner/work/noir-poker/noir-poker/crates/game-core)
[1m[92m    Checking[0m tower-http v0.6.11
[1m[92m   Compiling[0m sqlx-macros v0.8.6
[1m[92m    Checking[0m sqlx v0.8.6
[1m[92m    Checking[0m server v0.1.0 (/home/runner/work/noir-poker/noir-poker/apps/server)
[1m[91merror[0m[1m: function `app` is never used[0m
   [1m[94m--> [0mapps/server/src/main.rs:356:4
    [1m[94m|[0m
[1m[94m356[0m [1m[94m|[0m fn app(state: AppState, origin: HeaderValue) -> Router {
    [1m[94m|[0m    [1m[91m^^^[0m
    [1m[94m|[0m
    [1m[94m= [0m[1mnote[0m: `-D dead-code` implied by `-D warnings`
    [1m[94m= [0m[1mhelp[0m: to override `-D warnings` add `#[allow(dead_code)]`

[1m[91merror[0m: could not compile `server` (bin "server" test) due to 1 previous error
