Preparing worktree (detached HEAD 340a9be)
HEAD is now at 340a9be fix challenge artifact hash
[1m[92m    Updating[0m crates.io index
[1m[92m Downloading[0m crates ...
[1m[92m  Downloaded[0m atomic-waker v1.1.2
[1m[92m  Downloaded[0m crc-catalog v2.5.0
[1m[92m  Downloaded[0m pkg-config v0.3.34
[1m[92m  Downloaded[0m autocfg v1.5.1
[1m[92m  Downloaded[0m potential_utf v0.1.6
[1m[92m  Downloaded[0m pkcs8 v0.10.2
[1m[92m  Downloaded[0m rand_chacha v0.3.1
[1m[92m  Downloaded[0m const-oid v0.9.6
[1m[92m  Downloaded[0m ppv-lite86 v0.2.21
[1m[92m  Downloaded[0m rand v0.8.7
[1m[92m  Downloaded[0m base64 v0.22.1
[1m[92m  Downloaded[0m axum-core v0.5.6
[1m[92m  Downloaded[0m rustls-pki-types v1.15.1
[1m[92m  Downloaded[0m hashbrown v0.15.5
[1m[92m  Downloaded[0m rustls v0.23.43
[1m[92m  Downloaded[0m itoa v1.0.18
[1m[92m  Downloaded[0m rustls-webpki v0.103.14
[1m[92m  Downloaded[0m rmpv v1.3.1
[1m[92m  Downloaded[0m serde_path_to_error v0.1.20
[1m[92m  Downloaded[0m tower-service v0.3.3
[1m[92m  Downloaded[0m yoke-derive v0.8.2
[1m[92m  Downloaded[0m subtle v2.6.1
[1m[92m  Downloaded[0m webpki-roots v0.26.11
[1m[92m  Downloaded[0m tokio-macros v2.7.2
[1m[92m  Downloaded[0m utf8_iter v1.0.4
[1m[92m  Downloaded[0m zerofrom-derive v0.1.7
[1m[92m  Downloaded[0m thiserror-impl v1.0.69
[1m[92m  Downloaded[0m zmij v1.0.23
[1m[92m  Downloaded[0m whoami v1.6.1
[1m[92m  Downloaded[0m tokio-tungstenite v0.28.0
[1m[92m  Downloaded[0m zerovec-derive v0.11.4
[1m[92m  Downloaded[0m zeroize v1.9.0
[1m[92m  Downloaded[0m yoke v0.8.3
[1m[92m  Downloaded[0m httparse v1.10.1
[1m[92m  Downloaded[0m writeable v0.6.4
[1m[92m  Downloaded[0m unicode-ident v1.0.24
[1m[92m  Downloaded[0m tungstenite v0.28.0
[1m[92m  Downloaded[0m tinyvec v1.12.0
[1m[92m  Downloaded[0m uuid v1.24.1
[1m[92m  Downloaded[0m zerotrie v0.2.5
[1m[92m  Downloaded[0m url v2.5.8
[1m[92m  Downloaded[0m idna v1.1.0
[1m[92m  Downloaded[0m sqlx-postgres v0.8.6
[1m[92m  Downloaded[0m zerovec v0.11.7
[1m[92m  Downloaded[0m icu_collections v2.3.0
[1m[92m  Downloaded[0m tower-http v0.6.11
[1m[92m  Downloaded[0m serde_json v1.0.151
[1m[92m  Downloaded[0m webpki-roots v1.0.9
[1m[92m  Downloaded[0m vcpkg v0.2.15
[1m[92m  Downloaded[0m axum v0.8.8
[1m[92m  Downloaded[0m zerocopy v0.8.56
[1m[92m  Downloaded[0m nix v0.27.1
[1m[92m  Downloaded[0m icu_properties_data v2.3.0
[1m[92m  Downloaded[0m futures-util v0.3.34
[1m[92m  Downloaded[0m syn v3.0.3
[1m[92m  Downloaded[0m http v1.5.0
[1m[92m  Downloaded[0m syn v2.0.119
[1m[92m  Downloaded[0m sqlx v0.8.6
[1m[92m  Downloaded[0m mio v1.2.2
[1m[92m  Downloaded[0m memchr v2.8.3
[1m[92m  Downloaded[0m tracing v0.1.44
[1m[92m  Downloaded[0m libm v0.2.16
[1m[92m  Downloaded[0m hkdf v0.12.4
[1m[92m  Downloaded[0m unicode-normalization v0.1.25
[1m[92m  Downloaded[0m icu_normalizer v2.3.0
[1m[92m  Downloaded[0m event-listener v5.4.2
[1m[92m  Downloaded[0m sqlx-core v0.8.6
[1m[92m  Downloaded[0m num-traits v0.2.19
[1m[92m  Downloaded[0m icu_normalizer_data v2.3.0
[1m[92m  Downloaded[0m futures-intrusive v0.5.0
[1m[92m  Downloaded[0m tower v0.5.3
[1m[92m  Downloaded[0m proc-macro2 v1.0.107
[1m[92m  Downloaded[0m pkcs1 v0.7.5
[1m[92m  Downloaded[0m matchit v0.8.4
[1m[92m  Downloaded[0m typenum v1.20.1
[1m[92m  Downloaded[0m sqlx-sqlite v0.8.6
[1m[92m  Downloaded[0m cc v1.4.3
[1m[92m  Downloaded[0m socket2 v0.6.5
[1m[92m  Downloaded[0m hashbrown v0.17.1
[1m[92m  Downloaded[0m displaydoc v0.2.7
[1m[92m  Downloaded[0m sqlx-mysql v0.8.6
[1m[92m  Downloaded[0m serde v1.0.229
[1m[92m  Downloaded[0m parking_lot_core v0.9.12
[1m[92m  Downloaded[0m libc v0.2.189
[1m[92m  Downloaded[0m icu_properties v2.3.0
[1m[92m  Downloaded[0m tokio v1.53.1
[1m[92m  Downloaded[0m serde_derive v1.0.229
[1m[92m  Downloaded[0m num-iter v0.1.46
[1m[92m  Downloaded[0m getrandom v0.3.4
[1m[92m  Downloaded[0m unicode-bidi v0.3.18
[1m[92m  Downloaded[0m tracing-attributes v0.1.31
[1m[92m  Downloaded[0m ryu v1.0.23
[1m[92m  Downloaded[0m synstructure v0.13.2
[1m[92m  Downloaded[0m serde_core v1.0.229
[1m[92m  Downloaded[0m log v0.4.33
[1m[92m  Downloaded[0m indexmap v2.14.0
[1m[92m  Downloaded[0m ring v0.17.14
[1m[92m  Downloaded[0m crossbeam-utils v0.8.22
[1m[92m  Downloaded[0m unicode-properties v0.1.4
[1m[92m  Downloaded[0m thiserror v1.0.69
[1m[92m  Downloaded[0m rsa v0.9.10
[1m[92m  Downloaded[0m hyper-util v0.1.20
[1m[92m  Downloaded[0m heck v0.5.0
[1m[92m  Downloaded[0m tracing-core v0.1.36
[1m[92m  Downloaded[0m stringprep v0.1.5
[1m[92m  Downloaded[0m signal-hook-registry v1.4.8
[1m[92m  Downloaded[0m crypto-common v0.1.7
[1m[92m  Downloaded[0m tokio-stream v0.1.19
[1m[92m  Downloaded[0m tinystr v0.8.4
[1m[92m  Downloaded[0m thiserror-impl v2.0.20
[1m[92m  Downloaded[0m spin v0.9.9
[1m[92m  Downloaded[0m sha2 v0.10.9
[1m[92m  Downloaded[0m num-bigint-dig v0.8.6
[1m[92m  Downloaded[0m hex v0.4.3
[1m[92m  Downloaded[0m sqlx-macros-core v0.8.6
[1m[92m  Downloaded[0m shlex v2.0.1
[1m[92m  Downloaded[0m http-body-util v0.1.5
[1m[92m  Downloaded[0m num-integer v0.1.47
[1m[92m  Downloaded[0m lock_api v0.4.14
[1m[92m  Downloaded[0m foldhash v0.1.5
[1m[92m  Downloaded[0m flume v0.11.1
[1m[92m  Downloaded[0m untrusted v0.9.0
[1m[92m  Downloaded[0m tinyvec_macros v0.1.1
[1m[92m  Downloaded[0m pem-rfc7468 v0.7.0
[1m[92m  Downloaded[0m icu_locale_core v2.3.0
[1m[92m  Downloaded[0m allocator-api2 v0.2.21
[1m[92m  Downloaded[0m thiserror v2.0.20
[1m[92m  Downloaded[0m slab v0.4.12
[1m[92m  Downloaded[0m serde_urlencoded v0.7.1
[1m[92m  Downloaded[0m percent-encoding v2.3.2
[1m[92m  Downloaded[0m memoffset v0.9.1
[1m[92m  Downloaded[0m futures-executor v0.3.34
[1m[92m  Downloaded[0m futures-core v0.3.34
[1m[92m  Downloaded[0m zerofrom v0.1.8
[1m[92m  Downloaded[0m version_check v0.9.5
[1m[92m  Downloaded[0m tower-layer v0.3.3
[1m[92m  Downloaded[0m sqlx-macros v0.8.6
[1m[92m  Downloaded[0m parking v2.2.1
[1m[92m  Downloaded[0m mime v0.3.17
[1m[92m  Downloaded[0m lazy_static v1.5.0
[1m[92m  Downloaded[0m errno v0.3.14
[1m[92m  Downloaded[0m base64ct v1.8.3
[1m[92m  Downloaded[0m utf-8 v0.7.6
[1m[92m  Downloaded[0m sync_wrapper v1.0.2
[1m[92m  Downloaded[0m sha1 v0.10.7
[1m[92m  Downloaded[0m scopeguard v1.2.0
[1m[92m  Downloaded[0m home v0.5.12
[1m[92m  Downloaded[0m generic-array v0.14.7
[1m[92m  Downloaded[0m form_urlencoded v1.2.2
[1m[92m  Downloaded[0m dotenvy v0.15.7
[1m[92m  Downloaded[0m rand_core v0.6.4
[1m[92m  Downloaded[0m hmac v0.12.1
[1m[92m  Downloaded[0m hashlink v0.10.0
[1m[92m  Downloaded[0m getrandom v0.4.3
[1m[92m  Downloaded[0m stable_deref_trait v1.2.1
[1m[92m  Downloaded[0m spki v0.7.3
[1m[92m  Downloaded[0m smallvec v1.15.2
[1m[92m  Downloaded[0m once_cell v1.21.4
[1m[92m  Downloaded[0m litemap v0.8.3
[1m[92m  Downloaded[0m futures-channel v0.3.34
[1m[92m  Downloaded[0m quote v1.0.47
[1m[92m  Downloaded[0m getrandom v0.2.17
[1m[92m  Downloaded[0m find-msvc-tools v0.1.11
[1m[92m  Downloaded[0m barretenberg-rs v5.2.0
[1m[92m  Downloaded[0m pin-project-lite v0.2.17
[1m[92m  Downloaded[0m either v1.17.0
[1m[92m  Downloaded[0m signature v2.2.0
[1m[92m  Downloaded[0m futures-sink v0.3.34
[1m[92m  Downloaded[0m crc v3.4.0
[1m[92m  Downloaded[0m rmp v0.8.15
[1m[92m  Downloaded[0m rand_chacha v0.9.0
[1m[92m  Downloaded[0m httpdate v1.0.3
[1m[92m  Downloaded[0m http-body v1.1.0
[1m[92m  Downloaded[0m equivalent v1.0.2
[1m[92m  Downloaded[0m cpufeatures v0.2.17
[1m[92m  Downloaded[0m rand_core v0.9.5
[1m[92m  Downloaded[0m parking_lot v0.12.5
[1m[92m  Downloaded[0m md-5 v0.10.6
[1m[92m  Downloaded[0m futures-io v0.3.34
[1m[92m  Downloaded[0m rand v0.9.5
[1m[92m  Downloaded[0m hyper v1.11.0
[1m[92m  Downloaded[0m futures-task v0.3.34
[1m[92m  Downloaded[0m digest v0.10.7
[1m[92m  Downloaded[0m data-encoding v2.11.1
[1m[92m  Downloaded[0m crossbeam-queue v0.3.13
[1m[92m  Downloaded[0m icu_provider v2.3.0
[1m[92m  Downloaded[0m der v0.7.10
[1m[92m  Downloaded[0m rmp-serde v1.3.1
[1m[92m  Downloaded[0m idna_adapter v1.2.2
[1m[92m  Downloaded[0m bitflags v2.13.1
[1m[92m  Downloaded[0m bytes v1.12.1
[1m[92m  Downloaded[0m blake2 v0.10.6
[1m[92m  Downloaded[0m cfg-if v1.0.4
[1m[92m  Downloaded[0m block-buffer v0.10.4
[1m[92m  Downloaded[0m atoi v2.0.0
[1m[92m  Downloaded[0m byteorder v1.5.0
[1m[92m  Downloaded[0m libsqlite3-sys v0.30.1
[1m[92m   Compiling[0m proc-macro2 v1.0.107
[1m[92m   Compiling[0m unicode-ident v1.0.24
[1m[92m   Compiling[0m quote v1.0.47
[1m[92m   Compiling[0m cfg-if v1.0.4
[1m[92m   Compiling[0m serde v1.0.229
[1m[92m   Compiling[0m libc v0.2.189
[1m[92m   Compiling[0m version_check v0.9.5
[1m[92m   Compiling[0m typenum v1.20.1
[1m[92m   Compiling[0m generic-array v0.14.7
[1m[92m   Compiling[0m subtle v2.6.1
[1m[92m   Compiling[0m syn v3.0.3
[1m[92m   Compiling[0m syn v2.0.119
[1m[92m   Compiling[0m serde_core v1.0.229
[1m[92m   Compiling[0m crypto-common v0.1.7
[1m[92m   Compiling[0m block-buffer v0.10.4
[1m[92m   Compiling[0m digest v0.10.7
[1m[92m   Compiling[0m stable_deref_trait v1.2.1
[1m[92m   Compiling[0m bytes v1.12.1
[1m[92m   Compiling[0m pin-project-lite v0.2.17
[1m[92m   Compiling[0m parking_lot_core v0.9.12
[1m[92m   Compiling[0m futures-core v0.3.34
[1m[92m   Compiling[0m itoa v1.0.18
[1m[92m   Compiling[0m scopeguard v1.2.0
[1m[92m   Compiling[0m lock_api v0.4.14
[1m[92m   Compiling[0m writeable v0.6.4
[1m[92m   Compiling[0m cpufeatures v0.2.17
[1m[92m   Compiling[0m synstructure v0.13.2
[1m[92m   Compiling[0m litemap v0.8.3
[1m[92m   Compiling[0m find-msvc-tools v0.1.11
[1m[92m   Compiling[0m shlex v2.0.1
[1m[92m   Compiling[0m autocfg v1.5.1
[1m[92m   Compiling[0m utf8_iter v1.0.4
[1m[92m   Compiling[0m zerocopy v0.8.56
[1m[92m   Compiling[0m icu_normalizer_data v2.3.0
[1m[92m   Compiling[0m cc v1.4.3
[1m[92m   Compiling[0m serde_derive v1.0.229
[1m[92m   Compiling[0m zerofrom-derive v0.1.7
[1m[92m   Compiling[0m yoke-derive v0.8.2
[1m[92m   Compiling[0m zerofrom v0.1.8
[1m[92m   Compiling[0m zerovec-derive v0.11.4
[1m[92m   Compiling[0m displaydoc v0.2.7
[1m[92m   Compiling[0m yoke v0.8.3
[1m[92m   Compiling[0m icu_properties_data v2.3.0
[1m[92m   Compiling[0m ring v0.17.14
[1m[92m   Compiling[0m zerotrie v0.2.5
[1m[92m   Compiling[0m zerovec v0.11.7
[1m[92m   Compiling[0m futures-sink v0.3.34
[1m[92m   Compiling[0m tinystr v0.8.4
[1m[92m   Compiling[0m icu_locale_core v2.3.0
[1m[92m   Compiling[0m smallvec v1.15.2
[1m[92m   Compiling[0m potential_utf v0.1.6
[1m[92m   Compiling[0m icu_collections v2.3.0
[1m[92m   Compiling[0m icu_provider v2.3.0
[1m[92m   Compiling[0m zeroize v1.9.0
[1m[92m   Compiling[0m rustls-pki-types v1.15.1
[1m[92m   Compiling[0m icu_properties v2.3.0
[1m[92m   Compiling[0m sha2 v0.10.9
[1m[92m   Compiling[0m memchr v2.8.3
[1m[92m   Compiling[0m untrusted v0.9.0
[1m[92m   Compiling[0m parking_lot v0.12.5
[1m[92m   Compiling[0m ppv-lite86 v0.2.21
[1m[92m   Compiling[0m num-traits v0.2.19
[1m[92m   Compiling[0m errno v0.3.14
[1m[92m   Compiling[0m log v0.4.33
[1m[92m   Compiling[0m zmij v1.0.23
[1m[92m   Compiling[0m once_cell v1.21.4
[1m[92m   Compiling[0m thiserror v2.0.20
[1m[92m   Compiling[0m signal-hook-registry v1.4.8
[1m[92m   Compiling[0m thiserror-impl v2.0.20
[1m[92m   Compiling[0m tokio-macros v2.7.2
[1m[92m   Compiling[0m getrandom v0.2.17
[1m[92m   Compiling[0m mio v1.2.2
[1m[92m   Compiling[0m socket2 v0.6.5
[1m[92m   Compiling[0m percent-encoding v2.3.2
[1m[92m   Compiling[0m serde_json v1.0.151
[1m[92m   Compiling[0m slab v0.4.12
[1m[92m   Compiling[0m futures-io v0.3.34
[1m[92m   Compiling[0m futures-task v0.3.34
[1m[92m   Compiling[0m tokio v1.53.1
[1m[92m   Compiling[0m futures-util v0.3.34
[1m[92m   Compiling[0m crossbeam-utils v0.8.22
[1m[92m   Compiling[0m equivalent v1.0.2
[1m[92m   Compiling[0m rustls v0.23.43
[1m[92m   Compiling[0m form_urlencoded v1.2.2
[1m[92m   Compiling[0m tracing-core v0.1.36
[1m[92m   Compiling[0m tracing-attributes v0.1.31
[1m[92m   Compiling[0m http v1.5.0
[1m[92m   Compiling[0m foldhash v0.1.5
[1m[92m   Compiling[0m allocator-api2 v0.2.21
[1m[92m   Compiling[0m hashbrown v0.15.5
[1m[92m   Compiling[0m tracing v0.1.44
[1m[92m   Compiling[0m icu_normalizer v2.3.0
[1m[92m   Compiling[0m webpki-roots v1.0.9
[1m[92m   Compiling[0m getrandom v0.3.4
[1m[92m   Compiling[0m parking v2.2.1
[1m[92m   Compiling[0m tinyvec_macros v0.1.1
[1m[92m   Compiling[0m hashbrown v0.17.1
[1m[92m   Compiling[0m bitflags v2.13.1
[1m[92m   Compiling[0m crc-catalog v2.5.0
[1m[92m   Compiling[0m crc v3.4.0
[1m[92m   Compiling[0m tinyvec v1.12.0
[1m[92m   Compiling[0m indexmap v2.14.0
[1m[92m   Compiling[0m event-listener v5.4.2
[1m[92m   Compiling[0m webpki-roots v0.26.11
[1m[92m   Compiling[0m crossbeam-queue v0.3.13
[1m[92m   Compiling[0m idna_adapter v1.2.2
[1m[92m   Compiling[0m hashlink v0.10.0
[1m[92m   Compiling[0m httparse v1.10.1
[1m[92m   Compiling[0m idna v1.1.0
[1m[92m   Compiling[0m unicode-normalization v0.1.25
[1m[92m   Compiling[0m rand_core v0.6.4
[1m[92m   Compiling[0m hmac v0.12.1
[1m[92m   Compiling[0m hex v0.4.3
[1m[92m   Compiling[0m unicode-bidi v0.3.18
[1m[92m   Compiling[0m unicode-properties v0.1.4
[1m[92m   Compiling[0m getrandom v0.4.3
[1m[92m   Compiling[0m stringprep v0.1.5
[1m[92m   Compiling[0m hkdf v0.12.4
[1m[92m   Compiling[0m rand_chacha v0.3.1
[1m[92m   Compiling[0m rustls-webpki v0.103.14
[1m[92m   Compiling[0m tokio-stream v0.1.19
[1m[92m   Compiling[0m rand_core v0.9.5
[1m[92m   Compiling[0m url v2.5.8
[1m[92m   Compiling[0m futures-intrusive v0.5.0
[1m[92m   Compiling[0m http-body v1.1.0
[1m[92m   Compiling[0m atoi v2.0.0
[1m[92m   Compiling[0m either v1.17.0
[1m[92m   Compiling[0m futures-channel v0.3.34
[1m[92m   Compiling[0m md-5 v0.10.6
[1m[92m   Compiling[0m home v0.5.12
[1m[92m   Compiling[0m tower-service v0.3.3
[1m[92m   Compiling[0m whoami v1.6.1
[1m[92m   Compiling[0m dotenvy v0.15.7
[1m[92m   Compiling[0m byteorder v1.5.0
[1m[92m   Compiling[0m base64 v0.22.1
[1m[92m   Compiling[0m uuid v1.24.1
[1m[92m   Compiling[0m rand_chacha v0.9.0
[1m[92m   Compiling[0m rand v0.8.7
[1m[92m   Compiling[0m sqlx-core v0.8.6
[1m[92m   Compiling[0m deal-core v0.1.0 (/home/runner/work/_temp/noir-poker-refinement-verify/crates/deal-core)
[1m[92m   Compiling[0m memoffset v0.9.1
[1m[92m   Compiling[0m tower-layer v0.3.3
[1m[92m   Compiling[0m sqlx-postgres v0.8.6
[1m[92m   Compiling[0m rand v0.9.5
[1m[92m   Compiling[0m rmp v0.8.15
[1m[92m   Compiling[0m sha1 v0.10.7
[1m[92m   Compiling[0m blake2 v0.10.6
[1m[92m   Compiling[0m data-encoding v2.11.1
[1m[92m   Compiling[0m utf-8 v0.7.6
[1m[92m   Compiling[0m atomic-waker v1.1.2
[1m[92m   Compiling[0m thiserror v1.0.69
[1m[92m   Compiling[0m sync_wrapper v1.0.2
[1m[92m   Compiling[0m httpdate v1.0.3
[1m[92m   Compiling[0m heck v0.5.0
[1m[92m   Compiling[0m hyper v1.11.0
[1m[92m   Compiling[0m sqlx-macros-core v0.8.6
[1m[92m   Compiling[0m tungstenite v0.28.0
[1m[92m   Compiling[0m http-body-util v0.1.5
[1m[92m   Compiling[0m thiserror-impl v1.0.69
[1m[92m   Compiling[0m mime v0.3.17
[1m[92m   Compiling[0m barretenberg-rs v5.2.0
[1m[92m   Compiling[0m axum-core v0.5.6
[1m[92m   Compiling[0m sqlx-macros v0.8.6
[1m[92m   Compiling[0m nix v0.27.1
[1m[92m   Compiling[0m tokio-tungstenite v0.28.0
[1m[92m   Compiling[0m hyper-util v0.1.20
[1m[92m   Compiling[0m tower v0.5.3
[1m[92m   Compiling[0m challenge-core v0.1.0 (/home/runner/work/_temp/noir-poker-refinement-verify/crates/challenge-core)
[1m[92m   Compiling[0m rmp-serde v1.3.1
[1m[92m   Compiling[0m rmpv v1.3.1
[1m[92m   Compiling[0m game-core v0.1.0 (/home/runner/work/_temp/noir-poker-refinement-verify/crates/game-core)
[1m[92m   Compiling[0m serde_path_to_error v0.1.20
[1m[92m   Compiling[0m matchit v0.8.4
[1m[92m   Compiling[0m axum v0.8.8
[1m[92m   Compiling[0m tower-http v0.6.11
[1m[92m   Compiling[0m sqlx v0.8.6
[1m[92m   Compiling[0m server v0.1.0 (/home/runner/work/_temp/noir-poker-refinement-verify/apps/server)
[1m[92m    Finished[0m `test` profile [unoptimized + debuginfo] target(s) in 50.15s
[1m[92m     Running[0m unittests src/lib.rs (/home/runner/work/_temp/noir-poker-refinement-verify/target/debug/deps/challenge_core-2ce33a575a3f2cba)

running 8 tests
test tests::domains ... ok
test tests::commitments ... ok
test tests::fact_commitments ... ok
test tests::fixed_vector ... ok
test tests::objectives ... ok
test tests::nullifiers ... ok
test tests::catalog ... ok
test tests::selectors ... ok

test result: ok. 8 passed; 0 failed; 0 ignored; 0 measured; 0 filtered out; finished in 0.00s

[1m[92m     Running[0m unittests src/lib.rs (/home/runner/work/_temp/noir-poker-refinement-verify/target/debug/deps/deal_core-03a95e2c6a4b4540)

running 3 tests
test tests::every_input_is_bound ... ok
test tests::complete_permutation ... ok
test tests::vector ... ok

test result: ok. 3 passed; 0 failed; 0 ignored; 0 measured; 0 filtered out; finished in 0.00s

[1m[92m     Running[0m unittests src/lib.rs (/home/runner/work/_temp/noir-poker-refinement-verify/target/debug/deps/game_core-9e1d428cad33e24a)

running 113 tests
test deck::tests::canonical_order ... ok
test deck::tests::deterministic_shuffle ... ok
test deck::tests::full_deck ... ok
test deck::tests::same_card_set ... ok
test deck::tests::unique_deck ... ok
test hand::tests::best_four_kind ... ok
test hand::tests::best_straight ... ok
test hand::tests::best_full_house ... ok
test hand::tests::best_flush ... ok
test hand::tests::flush ... ok
test hand::tests::flush_over_straight ... ok
test hand::tests::best_straight_flush ... ok
test hand::tests::best_two_pair ... ok
test hand::tests::four_kind ... ok
test hand::tests::full_house ... ok
test hand::tests::high_card ... ok
test hand::tests::input_order ... ok
test hand::tests::one_pair ... ok
test hand::tests::kind_order ... ok
test hand::tests::straight ... ok
test hand::tests::seven_wheel ... ok
test hand::tests::straight_flush ... ok
test hand::tests::three_kind ... ok
test hand::tests::three_pairs ... ok
test hand::tests::subset_max ... ok
test hand::tests::tie_breaks ... ok
test hand::tests::two_pair ... ok
test hand::tests::wheel ... ok
test state::tests::all_in_runout ... ok
test state::tests::advance_fold_win ... ok
test state::tests::after_river ... ok
test state::tests::all_in_skip ... ok
test state::tests::big_blind_option ... ok
test state::tests::blind_all_in ... ok
test hand::tests::seven_order ... ok
test state::tests::call_actions ... ok
test state::tests::board_tie ... ok
test state::tests::board_positions ... ok
test state::tests::cannot_call ... ok
test state::tests::check_actions ... ok
test state::tests::cannot_check ... ok
test state::tests::chip_limit - should panic ... ok
test state::tests::chip_total ... ok
test state::tests::closed_raise_actions ... ok
test state::tests::contribution_total ... ok
test state::tests::dead_money ... ok
test state::tests::deck_position ... ok
test state::tests::cannot_advance ... ok
test state::tests::early_river ... ok
test state::tests::flop_all_in ... ok
test state::tests::early_turn ... ok
test state::tests::flop_reset ... ok
test state::tests::flop_deal ... ok
test state::tests::flop_betting ... ok
test state::tests::fold ... ok
test state::tests::flop_turn ... ok
test state::tests::fold_payout ... ok
test state::tests::heads_up_actions ... ok
test state::tests::full_reopen ... ok
test state::tests::heads_up_deal ... ok
test state::tests::heads_up_one ... ok
test state::tests::heads_up_zero ... ok
test state::tests::initial_contribution ... ok
test state::tests::invalid_player ... ok
test state::tests::larger_raise ... ok
test state::tests::invalid_raise ... ok
test state::tests::dealer_rotation ... ok
test state::tests::lone_stack ... ok
test state::tests::lone_stack_runout ... ok
test state::tests::many_side_pots ... ok
test state::tests::multiway_round ... ok
test state::tests::next_early ... ok
test state::tests::minimum_raise ... ok
test state::tests::next_same ... ok
test state::tests::next_short ... ok
test state::tests::non_blinds ... ok
test state::tests::no_actions ... ok
test state::tests::odd_chip ... ok
test state::tests::player_bounds ... ok
test state::tests::one_player - should panic ... ok
test state::tests::position_wrap ... ok
test state::tests::raise_bounds ... ok
test state::tests::postflop_actor ... ok
test state::tests::reopened_raise_actions ... ok
test state::tests::river_betting ... ok
test state::tests::river_deal ... ok
test state::tests::river_reset ... ok
test state::tests::same_state ... ok
test state::tests::settle_early ... ok
test state::tests::seven_players - should panic ... ok
test state::tests::short_call_actions ... ok
test state::tests::short_closed ... ok
test state::tests::short_raise ... ok
test state::tests::short_raise_actions ... ok
test state::tests::short_call ... ok
test state::tests::short_reopen ... ok
test state::tests::showdown_win ... ok
test state::tests::six_deal ... ok
test state::tests::side_pots ... ok
test state::tests::six_positions ... ok
test state::tests::six_hand ... ok
test state::tests::street_contributions ... ok
test state::tests::turn_betting ... ok
test state::tests::turn_deal ... ok
test state::tests::three_positions ... ok
test state::tests::turn_reset ... ok
test state::tests::unequal_stacks ... ok
test state::tests::two_lifecycle ... ok
test state::tests::unique_hole ... ok
test state::tests::unique_runout ... ok
test state::tests::win_by_fold ... ok
test state::tests::wrong_turn ... ok
test state::tests::lifecycle_sweep ... ok

test result: ok. 113 passed; 0 failed; 0 ignored; 0 measured; 0 filtered out; finished in 0.02s

[1m[92m     Running[0m unittests src/main.rs (/home/runner/work/_temp/noir-poker-refinement-verify/target/debug/deps/server-3e49819e4ce08812)

running 41 tests
test db::tests::action_values ... ok
test fairness::tests::ceremony_binds_context ... ok
test proof::tests::noncanonical_input ... ok
test proof::tests::input_order ... ok
test proof::tests::real_proof ... ignored, requires BB_PATH and built ZK artifacts
test proof::tests::malformed_payload ... ok
test room::tests::fold_result ... ok
test room::tests::tie_result ... ok
test room::tests::side_pot_result ... ok
test tests::all_in_runout ... ok
test tests::challenge_message ... ok
test tests::claim_metadata ... ok
test tests::challenge_rules ... ok
test tests::corrupt_recovery ... ok
test tests::draw_rules ... ok
test tests::final_join ... ok
test tests::fold_win ... ok
test tests::claim_rules ... ok
test tests::full_room ... ok
test tests::invalid_config ... ok
test tests::invalid_raise ... ok
test tests::legal_call ... ok
test tests::persistence ... ignored, requires TEST_DATABASE_URL
test tests::ordered_join ... ok
test tests::private_views ... ok
test tests::real_claim ... ignored, requires TEST_DATABASE_URL BB_PATH and built ZK artifacts
test tests::challenge_recovery ... ok
test tests::next_hand ... ok
test tests::ready_rules ... ok
test tests::room_isolation ... ok
test tests::restored_token ... ok
test tests::replay_facts ... ok
test tests::street_progress ... ok
test tests::terminal_view ... ok
test tests::token_hashes ... ok
test tests::short_table ... ok
test tests::valid_room ... ok
test tests::showdown_view ... ok
test tests::viewer_actions ... ok
test tests::wrong_turn ... ok
test tests::waiting_action ... ok

test result: ok. 38 passed; 0 failed; 3 ignored; 0 measured; 0 filtered out; finished in 0.01s

[1m[92m   Doc-tests[0m challenge_core

running 0 tests

test result: ok. 0 passed; 0 failed; 0 ignored; 0 measured; 0 filtered out; finished in 0.00s

[1m[92m   Doc-tests[0m deal_core

running 0 tests

test result: ok. 0 passed; 0 failed; 0 ignored; 0 measured; 0 filtered out; finished in 0.00s

[1m[92m   Doc-tests[0m game_core

running 0 tests

test result: ok. 0 passed; 0 failed; 0 ignored; 0 measured; 0 filtered out; finished in 0.00s

[1m[92m    Checking[0m cfg-if v1.0.4
[1m[92m    Checking[0m libc v0.2.189
[1m[92m    Checking[0m typenum v1.20.1
[1m[92m    Checking[0m serde_core v1.0.229
[1m[92m    Checking[0m subtle v2.6.1
[1m[92m   Compiling[0m zerofrom v0.1.8
[1m[92m   Compiling[0m stable_deref_trait v1.2.1
[1m[92m   Compiling[0m yoke v0.8.3
[1m[92m    Checking[0m pin-project-lite v0.2.17
[1m[92m    Checking[0m bytes v1.12.1
[1m[92m    Checking[0m generic-array v0.14.7
[1m[92m   Compiling[0m zerovec v0.11.7
[1m[92m    Checking[0m crypto-common v0.1.7
[1m[92m    Checking[0m block-buffer v0.10.4
[1m[92m    Checking[0m digest v0.10.7
[1m[92m    Checking[0m itoa v1.0.18
[1m[92m   Compiling[0m serde v1.0.229
[1m[92m    Checking[0m futures-core v0.3.34
[1m[92m    Checking[0m scopeguard v1.2.0
[1m[92m    Checking[0m lock_api v0.4.14
[1m[92m   Compiling[0m smallvec v1.15.2
[1m[92m   Compiling[0m tinystr v0.8.4
[1m[92m    Checking[0m errno v0.3.14
[1m[92m    Checking[0m cpufeatures v0.2.17
[1m[92m   Compiling[0m writeable v0.6.4
[1m[92m   Compiling[0m litemap v0.8.3
[1m[92m   Compiling[0m icu_locale_core v2.3.0
[1m[92m    Checking[0m signal-hook-registry v1.4.8
[1m[92m   Compiling[0m potential_utf v0.1.6
[1m[92m    Checking[0m parking_lot_core v0.9.12
[1m[92m    Checking[0m mio v1.2.2
[1m[92m    Checking[0m parking_lot v0.12.5
[1m[92m    Checking[0m socket2 v0.6.5
[1m[92m   Compiling[0m getrandom v0.2.17
[1m[92m   Compiling[0m zerotrie v0.2.5
[1m[92m   Compiling[0m utf8_iter v1.0.4
[1m[92m   Compiling[0m icu_collections v2.3.0
[1m[92m    Checking[0m tokio v1.53.1
[1m[92m   Compiling[0m icu_provider v2.3.0
[1m[92m    Checking[0m zerocopy v0.8.56
[1m[92m   Compiling[0m zeroize v1.9.0
[1m[92m    Checking[0m futures-sink v0.3.34
[1m[92m   Compiling[0m rustls-pki-types v1.15.1
[1m[92m    Checking[0m http v1.5.0
[1m[92m   Compiling[0m icu_normalizer_data v2.3.0
[1m[92m   Compiling[0m icu_properties_data v2.3.0
[1m[92m   Compiling[0m icu_properties v2.3.0
[1m[92m   Compiling[0m icu_normalizer v2.3.0
[1m[92m    Checking[0m log v0.4.33
[1m[92m   Compiling[0m once_cell v1.21.4
[1m[92m   Compiling[0m untrusted v0.9.0
[1m[92m    Checking[0m memchr v2.8.3
[1m[92m   Compiling[0m equivalent v1.0.2
[1m[92m   Compiling[0m ring v0.17.14
[1m[92m   Compiling[0m idna_adapter v1.2.2
[1m[92m    Checking[0m sha2 v0.10.9
[1m[92m    Checking[0m num-traits v0.2.19
[1m[92m    Checking[0m ppv-lite86 v0.2.21
[1m[92m    Checking[0m slab v0.4.12
[1m[92m   Compiling[0m percent-encoding v2.3.2
[1m[92m    Checking[0m futures-io v0.3.34
[1m[92m   Compiling[0m allocator-api2 v0.2.21
[1m[92m    Checking[0m futures-task v0.3.34
[1m[92m   Compiling[0m tinyvec_macros v0.1.1
[1m[92m   Compiling[0m foldhash v0.1.5
[1m[92m   Compiling[0m tinyvec v1.12.0
[1m[92m    Checking[0m futures-util v0.3.34
[1m[92m   Compiling[0m hashbrown v0.15.5
[1m[92m   Compiling[0m form_urlencoded v1.2.2
[1m[92m   Compiling[0m rustls-webpki v0.103.14
[1m[92m   Compiling[0m idna v1.1.0
[1m[92m    Checking[0m getrandom v0.3.4
[1m[92m   Compiling[0m tracing-core v0.1.36
[1m[92m   Compiling[0m webpki-roots v1.0.9
[1m[92m   Compiling[0m rand_core v0.6.4
[1m[92m   Compiling[0m crossbeam-utils v0.8.22
[1m[92m    Checking[0m thiserror v2.0.20
[1m[92m   Compiling[0m zmij v1.0.23
[1m[92m   Compiling[0m crc-catalog v2.5.0
[1m[92m   Compiling[0m parking v2.2.1
[1m[92m   Compiling[0m hashbrown v0.17.1
[1m[92m   Compiling[0m indexmap v2.14.0
[1m[92m   Compiling[0m tokio-stream v0.1.19
[1m[92m   Compiling[0m tracing v0.1.44
[1m[92m   Compiling[0m event-listener v5.4.2
[1m[92m   Compiling[0m serde_json v1.0.151
[1m[92m   Compiling[0m crossbeam-queue v0.3.13
[1m[92m   Compiling[0m crc v3.4.0
[1m[92m   Compiling[0m rand_chacha v0.3.1
[1m[92m   Compiling[0m webpki-roots v0.26.11
[1m[92m   Compiling[0m url v2.5.8
[1m[92m    Checking[0m rand_core v0.9.5
[1m[92m   Compiling[0m futures-intrusive v0.5.0
[1m[92m   Compiling[0m rustls v0.23.43
[1m[92m   Compiling[0m hashlink v0.10.0
[1m[92m   Compiling[0m unicode-normalization v0.1.25
[1m[92m    Checking[0m httparse v1.10.1
[1m[92m    Checking[0m http-body v1.1.0
[1m[92m   Compiling[0m hmac v0.12.1
[1m[92m    Checking[0m futures-channel v0.3.34
[1m[92m   Compiling[0m either v1.17.0
[1m[92m    Checking[0m tower-service v0.3.3
[1m[92m   Compiling[0m unicode-bidi v0.3.18
[1m[92m   Compiling[0m unicode-properties v0.1.4
[1m[92m    Checking[0m bitflags v2.13.1
[1m[92m   Compiling[0m atoi v2.0.0
[1m[92m   Compiling[0m stringprep v0.1.5
[1m[92m   Compiling[0m hkdf v0.12.4
[1m[92m    Checking[0m rand_chacha v0.9.0
[1m[92m   Compiling[0m rand v0.8.7
[1m[92m    Checking[0m getrandom v0.4.3
[1m[92m   Compiling[0m md-5 v0.10.6
[1m[92m    Checking[0m base64 v0.22.1
[1m[92m    Checking[0m tower-layer v0.3.3
[1m[92m   Compiling[0m home v0.5.12
[1m[92m   Compiling[0m dotenvy v0.15.7
[1m[92m   Compiling[0m hex v0.4.3
[1m[92m   Compiling[0m byteorder v1.5.0
[1m[92m   Compiling[0m whoami v1.6.1
[1m[92m   Compiling[0m sqlx-core v0.8.6
[1m[92m    Checking[0m uuid v1.24.1
[1m[92m    Checking[0m rand v0.9.5
[1m[92m    Checking[0m rmp v0.8.15
[1m[92m   Compiling[0m sqlx-postgres v0.8.6
[1m[92m    Checking[0m sha1 v0.10.7
[1m[92m    Checking[0m httpdate v1.0.3
[1m[92m    Checking[0m data-encoding v2.11.1
[1m[92m    Checking[0m sync_wrapper v1.0.2
[1m[92m    Checking[0m atomic-waker v1.1.2
[1m[92m    Checking[0m utf-8 v0.7.6
[1m[92m    Checking[0m tungstenite v0.28.0
[1m[92m    Checking[0m hyper v1.11.0
[1m[92m    Checking[0m memoffset v0.9.1
[1m[92m    Checking[0m http-body-util v0.1.5
[1m[92m    Checking[0m deal-core v0.1.0 (/home/runner/work/_temp/noir-poker-refinement-verify/crates/deal-core)
[1m[92m    Checking[0m blake2 v0.10.6
[1m[92m    Checking[0m mime v0.3.17
[1m[92m    Checking[0m axum-core v0.5.6
[1m[92m    Checking[0m thiserror v1.0.69
[1m[92m    Checking[0m nix v0.27.1
[1m[92m    Checking[0m hyper-util v0.1.20
[1m[92m    Checking[0m tokio-tungstenite v0.28.0
[1m[92m    Checking[0m tower v0.5.3
[1m[92m    Checking[0m rmp-serde v1.3.1
[1m[92m    Checking[0m rmpv v1.3.1
[1m[92m   Compiling[0m sqlx-macros-core v0.8.6
[1m[92m    Checking[0m serde_path_to_error v0.1.20
[1m[92m    Checking[0m matchit v0.8.4
[1m[92m    Checking[0m axum v0.8.8
[1m[92m    Checking[0m barretenberg-rs v5.2.0
[1m[92m    Checking[0m challenge-core v0.1.0 (/home/runner/work/_temp/noir-poker-refinement-verify/crates/challenge-core)
[1m[92m    Checking[0m game-core v0.1.0 (/home/runner/work/_temp/noir-poker-refinement-verify/crates/game-core)
[1m[92m    Checking[0m tower-http v0.6.11
[1m[92m   Compiling[0m sqlx-macros v0.8.6
[1m[92m    Checking[0m sqlx v0.8.6
[1m[92m    Checking[0m server v0.1.0 (/home/runner/work/_temp/noir-poker-refinement-verify/apps/server)
[1m[92m    Finished[0m `dev` profile [unoptimized + debuginfo] target(s) in 32.74s

added 366 packages, and audited 367 packages in 9s

147 packages are looking for funding
  run `npm fund` for details

found 0 vulnerabilities

> noir-poker-web@0.1.0 challenge:test
> node --experimental-strip-types lib/challenge.test.ts

(node:8453) [MODULE_TYPELESS_PACKAGE_JSON] Warning: Module type of file:///home/runner/work/_temp/noir-poker-refinement-verify/apps/web/lib/challenge.test.ts is not specified and it doesn't parse as CommonJS.
Reparsing as ES module because module syntax was detected. This incurs a performance overhead.
To eliminate this warning, add "type": "module" to /home/runner/work/_temp/noir-poker-refinement-verify/apps/web/package.json.
(Use `node --trace-warnings ...` to show where the warning was created)

> noir-poker-web@0.1.0 deal:test
> node --experimental-strip-types lib/deal.test.ts

deal protocol vectors ok
(node:8472) [MODULE_TYPELESS_PACKAGE_JSON] Warning: Module type of file:///home/runner/work/_temp/noir-poker-refinement-verify/apps/web/lib/deal.test.ts is not specified and it doesn't parse as CommonJS.
Reparsing as ES module because module syntax was detected. This incurs a performance overhead.
To eliminate this warning, add "type": "module" to /home/runner/work/_temp/noir-poker-refinement-verify/apps/web/package.json.
(Use `node --trace-warnings ...` to show where the warning was created)

> noir-poker-web@0.1.0 receipt:test
> node --experimental-strip-types lib/receipt.test.ts

proof receipt bindings ok
(node:8492) [MODULE_TYPELESS_PACKAGE_JSON] Warning: Module type of file:///home/runner/work/_temp/noir-poker-refinement-verify/apps/web/lib/receipt.test.ts is not specified and it doesn't parse as CommonJS.
Reparsing as ES module because module syntax was detected. This incurs a performance overhead.
To eliminate this warning, add "type": "module" to /home/runner/work/_temp/noir-poker-refinement-verify/apps/web/package.json.
(Use `node --trace-warnings ...` to show where the warning was created)

> noir-poker-web@0.1.0 lint
> eslint .


> noir-poker-web@0.1.0 build
> next build

▲ Next.js 16.3.1 (Turbopack)
✓ Running next.config.ts took 28ms
⚠ No build cache found. Please configure build caching for faster rebuilds. Read more: https://nextjs.org/docs/messages/no-cache
Attention: Next.js now collects completely anonymous telemetry regarding usage.
This information is used to shape Next.js' roadmap and prioritize features.
You can learn more, including how to opt-out if you'd not like to participate in this anonymous program, by visiting the following URL:
https://nextjs.org/telemetry

- Experiments (use with caution):
  ⨯ useTypeScriptCli

  Creating an optimized production build ...
✓ Compiled successfully in 4.8s
  Running TypeScript ...
  Finished TypeScript in 3.4s ...
  Collecting page data using 3 workers ...
  Generating static pages using 3 workers (0/4) ...
  Generating static pages using 3 workers (1/4) 
  Generating static pages using 3 workers (2/4) 
  Generating static pages using 3 workers (3/4) 
✓ Generating static pages using 3 workers (4/4) in 240ms
  Finalizing page optimization ...

Route (app)
┌ ○ /
├ ○ /_not-found
├ ƒ /audit/[room]/[hand]
├ ƒ /proof/[nullifier]
├ ○ /protocol
└ ƒ /table/[room]


○  (Static)   prerendered as static content
ƒ  (Dynamic)  server-rendered on demand

Scheme is: ultra_honk, num threads: 4 (mem: 4.94 MiB)
CircuitProve: Proving key computed in 147 ms (mem: 103.19 MiB)
VK saved to "/tmp/tmp.gSVekdM6KK/vk/vk" (mem: 103.19 MiB)
VK Hash saved to "/tmp/tmp.gSVekdM6KK/vk/vk_hash" (mem: 103.19 MiB)
1c89fb88ae0fb02558efa61de73260f871b323cba2a8a3d7c6423a302237bd5d  /home/runner/work/_temp/noir-poker-refinement-verify/apps/web/zk/challenge_v2.json
b435db9d240683e181d8bad47203bf85d57ca27982bc676cf2686b5cf3de1d67  /home/runner/work/_temp/noir-poker-refinement-verify/apps/server/zk/challenge_v2.vk
[1m[92m    Finished[0m `test` profile [unoptimized + debuginfo] target(s) in 0.14s
[1m[92m     Running[0m unittests src/main.rs (target/debug/deps/server-3e49819e4ce08812)

running 1 test
test tests::persistence ... ok

test result: ok. 1 passed; 0 failed; 0 ignored; 0 measured; 40 filtered out; finished in 0.45s

[1m[92m    Finished[0m `test` profile [unoptimized + debuginfo] target(s) in 0.11s
[1m[92m     Running[0m unittests src/main.rs (target/debug/deps/server-3e49819e4ce08812)

running 1 test
Scheme is: ultra_honk, num threads: 4 (mem: 8.00 MiB)
Proof verified successfully (mem: 8.00 MiB)
Proof verified successfully (mem: 8.00 MiB)
server verification 0.018s
UltraVerifier: verification failed at reduction step (mem: 8.00 MiB)
Proof verification failed (mem: 8.00 MiB)
test proof::tests::real_proof ... ok

test result: ok. 1 passed; 0 failed; 0 ignored; 0 measured; 40 filtered out; finished in 19.58s

[1m[92m    Finished[0m `test` profile [unoptimized + debuginfo] target(s) in 0.11s
[1m[92m     Running[0m unittests src/main.rs (target/debug/deps/server-3e49819e4ce08812)

running 1 test
Scheme is: ultra_honk, num threads: 4 (mem: 12.06 MiB)
UltraVerifier: verification failed at reduction step (mem: 12.06 MiB)
Proof verification failed (mem: 12.06 MiB)
Proof verified successfully (mem: 12.06 MiB)
test tests::real_claim ... ok

test result: ok. 1 passed; 0 failed; 0 ignored; 0 measured; 40 filtered out; finished in 13.45s

/home/runner/work/_temp/reapplied.patch /home/runner/work/noir-poker/noir-poker/artifacts/noir-poker-redesign-fairness.patch differ: byte 2729, line 104
