
> noir-poker-web@0.1.0 build
> next build

▲ Next.js 16.3.1 (Turbopack)
✓ Running next.config.ts took 23ms
⚠ No build cache found. Please configure build caching for faster rebuilds. Read more: https://nextjs.org/docs/messages/no-cache
Attention: Next.js now collects completely anonymous telemetry regarding usage.
This information is used to shape Next.js' roadmap and prioritize features.
You can learn more, including how to opt-out if you'd not like to participate in this anonymous program, by visiting the following URL:
https://nextjs.org/telemetry

- Experiments (use with caution):
  ⨯ useTypeScriptCli

  Creating an optimized production build ...
✓ Compiled successfully in 4.3s
  Running TypeScript ...
Failed to type check.

./components/protocol-demo.tsx:14:45
Type error: BigInt literals are not available when targeting lower than ES2020.

  [90m12 |[0m   [36mconst[0m [step, setStep] = useState([35m0[0m);
  [90m13 |[0m   [36mconst[0m values = useMemo(() => {
[31m[1m>[0m [90m14 |[0m     [36mconst[0m commitment = dealCommitment([33mROOM[0m, [35m7[0mn, [33mSECRET[0m);
  [90m   |[0m                                             [31m[1m^[0m
  [90m15 |[0m     [36mconst[0m seed = dealSeed([33mROOM[0m, [35m7[0mn, [33mSECRET[0m, [33mSHARES[0m);
  [90m16 |[0m     [36mconst[0m deck = shuffleDeck(seed);
  [90m17 |[0m     [36mreturn[0m { commitment, seed, deck, layout: dealLayout(deck, [35m3[0m, [35m1[0m) };
Next.js build worker exited with code: 1 and signal: null
